
{"t":{"$date":"2025-09-11T13:04:02.691-04:00"},"s":"I",  "c":"CONTROL",  "id":20698,   "ctx":"thread1","msg":"***** SERVER RESTARTED *****"}
{"t":{"$date":"2025-09-11T13:04:02.694-04:00"},"s":"I",  "c":"CONTROL",  "id":23285,   "ctx":"thread1","msg":"Automatically disabling TLS 1.0, to force-enable TLS 1.0 specify --sslDisabledProtocols 'none'"}
{"t":{"$date":"2025-09-11T13:04:02.713-04:00"},"s":"I",  "c":"CONTROL",  "id":5945603, "ctx":"thread1","msg":"Multi threading initialized"}
{"t":{"$date":"2025-09-11T13:04:02.714-04:00"},"s":"I",  "c":"NETWORK",  "id":4648601, "ctx":"thread1","msg":"Implicit TCP FastOpen unavailable. If TCP FastOpen is required, set at least one of the related parameters","attr":{"relatedParameters":["tcpFastOpenServer","tcpFastOpenClient","tcpFastOpenQueueSize"]}}
{"t":{"$date":"2025-09-11T13:04:02.716-04:00"},"s":"I",  "c":"NETWORK",  "id":4915701, "ctx":"thread1","msg":"Initialized wire specification","attr":{"spec":{"incomingExternalClient":{"minWireVersion":0,"maxWireVersion":25},"incomingInternalClient":{"minWireVersion":0,"maxWireVersion":25},"outgoing":{"minWireVersion":6,"maxWireVersion":25},"isInternalClient":true}}}
{"t":{"$date":"2025-09-11T13:04:02.717-04:00"},"s":"I",  "c":"TENANT_M", "id":7091600, "ctx":"thread1","msg":"Starting TenantMigrationAccessBlockerRegistry"}
{"t":{"$date":"2025-09-11T13:04:02.717-04:00"},"s":"I",  "c":"CONTROL",  "id":4615611, "ctx":"initandlisten","msg":"MongoDB starting","attr":{"pid":8085,"port":27017,"dbPath":"/Users/thomas/.config/~/mongodb-data","architecture":"64-bit","host":"Thomas-Macbook-10.local"}}
{"t":{"$date":"2025-09-11T13:04:02.717-04:00"},"s":"I",  "c":"CONTROL",  "id":23403,   "ctx":"initandlisten","msg":"Build Info","attr":{"buildInfo":{"version":"8.0.13","gitVersion":"8dc5cd2a30c4524132e2d44bb314544dc477e611","modules":[],"allocator":"system","environment":{"distarch":"arm64","target_arch":"arm64"}}}}
{"t":{"$date":"2025-09-11T13:04:02.717-04:00"},"s":"I",  "c":"CONTROL",  "id":51765,   "ctx":"initandlisten","msg":"Operating System","attr":{"os":{"name":"Mac OS X","version":"24.6.0"}}}
{"t":{"$date":"2025-09-11T13:04:02.717-04:00"},"s":"I",  "c":"CONTROL",  "id":21951,   "ctx":"initandlisten","msg":"Options set by command line","attr":{"options":{"config":"/Users/thomas/.config/mongodb/mongod.conf","net":{"bindIp":"127.0.0.1","port":27017},"processManagement":{"fork":false},"storage":{"dbPath":"~/mongodb-data"},"systemLog":{"destination":"file","logAppend":true,"path":"mongodb.log"}}}}
{"t":{"$date":"2025-09-11T13:04:02.717-04:00"},"s":"I",  "c":"NETWORK",  "id":5693100, "ctx":"initandlisten","msg":"Asio socket.set_option failed with std::system_error","attr":{"note":"acceptor TCP fast open","option":{"level":6,"name":261,"data":"00 04 00 00"},"error":{"what":"set_option: Invalid argument","message":"Invalid argument","category":"asio.system","value":22}}}
{"t":{"$date":"2025-09-11T13:04:02.718-04:00"},"s":"E",  "c":"CONTROL",  "id":20557,   "ctx":"initandlisten","msg":"DBException in initAndListen, terminating","attr":{"error":"NonExistentPath: Data directory /Users/thomas/.config/~/mongodb-data not found. Create the missing directory or specify another path using (1) the --dbpath command line option, or (2) by adding the 'storage.dbPath' option in the configuration file."}}
{"t":{"$date":"2025-09-11T13:04:02.718-04:00"},"s":"I",  "c":"REPL",     "id":4784900, "ctx":"initandlisten","msg":"Stepping down the ReplicationCoordinator for shutdown","attr":{"waitTimeMillis":15000}}
{"t":{"$date":"2025-09-11T13:04:02.719-04:00"},"s":"I",  "c":"REPL",     "id":4794602, "ctx":"initandlisten","msg":"Attempting to enter quiesce mode"}
{"t":{"$date":"2025-09-11T13:04:02.719-04:00"},"s":"I",  "c":"-",        "id":6371601, "ctx":"initandlisten","msg":"Shutting down the FLE Crud thread pool"}
{"t":{"$date":"2025-09-11T13:04:02.719-04:00"},"s":"I",  "c":"COMMAND",  "id":4784901, "ctx":"initandlisten","msg":"Shutting down the MirrorMaestro"}
{"t":{"$date":"2025-09-11T13:04:02.719-04:00"},"s":"I",  "c":"SHARDING", "id":4784902, "ctx":"initandlisten","msg":"Shutting down the WaitForMajorityService"}
{"t":{"$date":"2025-09-11T13:04:02.719-04:00"},"s":"I",  "c":"NETWORK",  "id":8314100, "ctx":"initandlisten","msg":"Shutdown: Closing listener sockets"}
{"t":{"$date":"2025-09-11T13:04:02.719-04:00"},"s":"I",  "c":"NETWORK",  "id":4784905, "ctx":"initandlisten","msg":"Shutting down the global connection pool"}
{"t":{"$date":"2025-09-11T13:04:02.719-04:00"},"s":"I",  "c":"CONTROL",  "id":4784906, "ctx":"initandlisten","msg":"Shutting down the FlowControlTicketholder"}
{"t":{"$date":"2025-09-11T13:04:02.719-04:00"},"s":"I",  "c":"-",        "id":20520,   "ctx":"initandlisten","msg":"Stopping further Flow Control ticket acquisitions."}
{"t":{"$date":"2025-09-11T13:04:02.719-04:00"},"s":"I",  "c":"NETWORK",  "id":4784918, "ctx":"initandlisten","msg":"Shutting down the ReplicaSetMonitor"}
{"t":{"$date":"2025-09-11T13:04:02.719-04:00"},"s":"I",  "c":"SHARDING", "id":4784921, "ctx":"initandlisten","msg":"Shutting down the MigrationUtilExecutor"}
{"t":{"$date":"2025-09-11T13:04:02.719-04:00"},"s":"I",  "c":"ASIO",     "id":22582,   "ctx":"MigrationUtil-TaskExecutor","msg":"Killing all outstanding egress activity."}
{"t":{"$date":"2025-09-11T13:04:02.719-04:00"},"s":"I",  "c":"NETWORK",  "id":20562,   "ctx":"initandlisten","msg":"Shutdown: Closing open transport sessions"}
{"t":{"$date":"2025-09-11T13:04:02.719-04:00"},"s":"I",  "c":"NETWORK",  "id":4784923, "ctx":"initandlisten","msg":"Shutting down the ASIO transport SessionManager"}
{"t":{"$date":"2025-09-11T13:04:02.719-04:00"},"s":"I",  "c":"CONTROL",  "id":4784928, "ctx":"initandlisten","msg":"Shutting down the TTL monitor"}
{"t":{"$date":"2025-09-11T13:04:02.719-04:00"},"s":"I",  "c":"CONTROL",  "id":6278511, "ctx":"initandlisten","msg":"Shutting down the Change Stream Expired Pre-images Remover"}
{"t":{"$date":"2025-09-11T13:04:02.719-04:00"},"s":"I",  "c":"CONTROL",  "id":4784929, "ctx":"initandlisten","msg":"Acquiring the global lock for shutdown"}
{"t":{"$date":"2025-09-11T13:04:02.719-04:00"},"s":"I",  "c":"-",        "id":4784931, "ctx":"initandlisten","msg":"Dropping the scope cache for shutdown"}
{"t":{"$date":"2025-09-11T13:04:02.719-04:00"},"s":"I",  "c":"CONTROL",  "id":20565,   "ctx":"initandlisten","msg":"Now exiting"}
{"t":{"$date":"2025-09-11T13:04:02.719-04:00"},"s":"I",  "c":"CONTROL",  "id":8423404, "ctx":"initandlisten","msg":"mongod shutdown complete","attr":{"Summary of time elapsed":{"Statistics":{"Enter terminal shutdown":"0 ms","Step down the replication coordinator for shutdown":"1 ms","Time spent in quiesce mode":"0 ms","Shut down FLE Crud subsystem":"0 ms","Shut down MirrorMaestro":"0 ms","Shut down WaitForMajorityService":"0 ms","Shut down the global connection pool":"0 ms","Shut down the flow control ticket holder":"0 ms","Shut down the replica set monitor":"0 ms","Shut down the migration util executor":"0 ms","Shut down the transport layer":"0 ms","Shut down the TTL monitor":"0 ms","Shut down expired pre-images and documents removers":"0 ms","Wait for the oplog cap maintainer thread to stop":"0 ms","Shut down full-time data capture":"0 ms","Shut down online certificate status protocol manager":"0 ms","shutdownTask total elapsed time":"1 ms"}}}}
{"t":{"$date":"2025-09-11T13:04:02.719-04:00"},"s":"I",  "c":"CONTROL",  "id":23138,   "ctx":"initandlisten","msg":"Shutting down","attr":{"exitCode":100}}

{"t":{"$date":"2025-09-11T13:04:06.972-04:00"},"s":"I",  "c":"CONTROL",  "id":20698,   "ctx":"thread1","msg":"***** SERVER RESTARTED *****"}
{"t":{"$date":"2025-09-11T13:04:06.973-04:00"},"s":"I",  "c":"CONTROL",  "id":23285,   "ctx":"thread1","msg":"Automatically disabling TLS 1.0, to force-enable TLS 1.0 specify --sslDisabledProtocols 'none'"}
{"t":{"$date":"2025-09-11T13:04:06.975-04:00"},"s":"I",  "c":"CONTROL",  "id":5945603, "ctx":"thread1","msg":"Multi threading initialized"}
{"t":{"$date":"2025-09-11T13:04:06.975-04:00"},"s":"I",  "c":"NETWORK",  "id":4648601, "ctx":"thread1","msg":"Implicit TCP FastOpen unavailable. If TCP FastOpen is required, set at least one of the related parameters","attr":{"relatedParameters":["tcpFastOpenServer","tcpFastOpenClient","tcpFastOpenQueueSize"]}}
{"t":{"$date":"2025-09-11T13:04:06.976-04:00"},"s":"I",  "c":"NETWORK",  "id":4915701, "ctx":"thread1","msg":"Initialized wire specification","attr":{"spec":{"incomingExternalClient":{"minWireVersion":0,"maxWireVersion":25},"incomingInternalClient":{"minWireVersion":0,"maxWireVersion":25},"outgoing":{"minWireVersion":6,"maxWireVersion":25},"isInternalClient":true}}}
{"t":{"$date":"2025-09-11T13:04:06.976-04:00"},"s":"I",  "c":"TENANT_M", "id":7091600, "ctx":"thread1","msg":"Starting TenantMigrationAccessBlockerRegistry"}
{"t":{"$date":"2025-09-11T13:04:06.976-04:00"},"s":"I",  "c":"CONTROL",  "id":4615611, "ctx":"initandlisten","msg":"MongoDB starting","attr":{"pid":9018,"port":27017,"dbPath":"/Users/thomas/.config/~/mongodb-data","architecture":"64-bit","host":"Thomas-Macbook-10.local"}}
{"t":{"$date":"2025-09-11T13:04:06.976-04:00"},"s":"I",  "c":"CONTROL",  "id":23403,   "ctx":"initandlisten","msg":"Build Info","attr":{"buildInfo":{"version":"8.0.13","gitVersion":"8dc5cd2a30c4524132e2d44bb314544dc477e611","modules":[],"allocator":"system","environment":{"distarch":"arm64","target_arch":"arm64"}}}}
{"t":{"$date":"2025-09-11T13:04:06.976-04:00"},"s":"I",  "c":"CONTROL",  "id":51765,   "ctx":"initandlisten","msg":"Operating System","attr":{"os":{"name":"Mac OS X","version":"24.6.0"}}}
{"t":{"$date":"2025-09-11T13:04:06.976-04:00"},"s":"I",  "c":"CONTROL",  "id":21951,   "ctx":"initandlisten","msg":"Options set by command line","attr":{"options":{"config":"/Users/thomas/.config/mongodb/mongod.conf","net":{"bindIp":"127.0.0.1","port":27017},"processManagement":{"fork":false},"storage":{"dbPath":"~/mongodb-data"},"systemLog":{"destination":"file","logAppend":true,"path":"mongodb.log"}}}}
{"t":{"$date":"2025-09-11T13:04:06.976-04:00"},"s":"I",  "c":"NETWORK",  "id":5693100, "ctx":"initandlisten","msg":"Asio socket.set_option failed with std::system_error","attr":{"note":"acceptor TCP fast open","option":{"level":6,"name":261,"data":"00 04 00 00"},"error":{"what":"set_option: Invalid argument","message":"Invalid argument","category":"asio.system","value":22}}}
{"t":{"$date":"2025-09-11T13:04:06.976-04:00"},"s":"E",  "c":"CONTROL",  "id":20557,   "ctx":"initandlisten","msg":"DBException in initAndListen, terminating","attr":{"error":"NonExistentPath: Data directory /Users/thomas/.config/~/mongodb-data not found. Create the missing directory or specify another path using (1) the --dbpath command line option, or (2) by adding the 'storage.dbPath' option in the configuration file."}}
{"t":{"$date":"2025-09-11T13:04:06.976-04:00"},"s":"I",  "c":"REPL",     "id":4784900, "ctx":"initandlisten","msg":"Stepping down the ReplicationCoordinator for shutdown","attr":{"waitTimeMillis":15000}}
{"t":{"$date":"2025-09-11T13:04:06.977-04:00"},"s":"I",  "c":"REPL",     "id":4794602, "ctx":"initandlisten","msg":"Attempting to enter quiesce mode"}
{"t":{"$date":"2025-09-11T13:04:06.977-04:00"},"s":"I",  "c":"-",        "id":6371601, "ctx":"initandlisten","msg":"Shutting down the FLE Crud thread pool"}
{"t":{"$date":"2025-09-11T13:04:06.977-04:00"},"s":"I",  "c":"COMMAND",  "id":4784901, "ctx":"initandlisten","msg":"Shutting down the MirrorMaestro"}
{"t":{"$date":"2025-09-11T13:04:06.977-04:00"},"s":"I",  "c":"SHARDING", "id":4784902, "ctx":"initandlisten","msg":"Shutting down the WaitForMajorityService"}
{"t":{"$date":"2025-09-11T13:04:06.977-04:00"},"s":"I",  "c":"NETWORK",  "id":8314100, "ctx":"initandlisten","msg":"Shutdown: Closing listener sockets"}
{"t":{"$date":"2025-09-11T13:04:06.977-04:00"},"s":"I",  "c":"NETWORK",  "id":4784905, "ctx":"initandlisten","msg":"Shutting down the global connection pool"}
{"t":{"$date":"2025-09-11T13:04:06.977-04:00"},"s":"I",  "c":"CONTROL",  "id":4784906, "ctx":"initandlisten","msg":"Shutting down the FlowControlTicketholder"}
{"t":{"$date":"2025-09-11T13:04:06.977-04:00"},"s":"I",  "c":"-",        "id":20520,   "ctx":"initandlisten","msg":"Stopping further Flow Control ticket acquisitions."}
{"t":{"$date":"2025-09-11T13:04:06.977-04:00"},"s":"I",  "c":"NETWORK",  "id":4784918, "ctx":"initandlisten","msg":"Shutting down the ReplicaSetMonitor"}
{"t":{"$date":"2025-09-11T13:04:06.977-04:00"},"s":"I",  "c":"SHARDING", "id":4784921, "ctx":"initandlisten","msg":"Shutting down the MigrationUtilExecutor"}
{"t":{"$date":"2025-09-11T13:04:06.977-04:00"},"s":"I",  "c":"ASIO",     "id":22582,   "ctx":"MigrationUtil-TaskExecutor","msg":"Killing all outstanding egress activity."}
{"t":{"$date":"2025-09-11T13:04:06.977-04:00"},"s":"I",  "c":"NETWORK",  "id":20562,   "ctx":"initandlisten","msg":"Shutdown: Closing open transport sessions"}
{"t":{"$date":"2025-09-11T13:04:06.977-04:00"},"s":"I",  "c":"NETWORK",  "id":4784923, "ctx":"initandlisten","msg":"Shutting down the ASIO transport SessionManager"}
{"t":{"$date":"2025-09-11T13:04:06.977-04:00"},"s":"I",  "c":"CONTROL",  "id":4784928, "ctx":"initandlisten","msg":"Shutting down the TTL monitor"}
{"t":{"$date":"2025-09-11T13:04:06.977-04:00"},"s":"I",  "c":"CONTROL",  "id":6278511, "ctx":"initandlisten","msg":"Shutting down the Change Stream Expired Pre-images Remover"}
{"t":{"$date":"2025-09-11T13:04:06.977-04:00"},"s":"I",  "c":"CONTROL",  "id":4784929, "ctx":"initandlisten","msg":"Acquiring the global lock for shutdown"}
{"t":{"$date":"2025-09-11T13:04:06.977-04:00"},"s":"I",  "c":"-",        "id":4784931, "ctx":"initandlisten","msg":"Dropping the scope cache for shutdown"}
{"t":{"$date":"2025-09-11T13:04:06.977-04:00"},"s":"I",  "c":"CONTROL",  "id":20565,   "ctx":"initandlisten","msg":"Now exiting"}
{"t":{"$date":"2025-09-11T13:04:06.977-04:00"},"s":"I",  "c":"CONTROL",  "id":8423404, "ctx":"initandlisten","msg":"mongod shutdown complete","attr":{"Summary of time elapsed":{"Statistics":{"Enter terminal shutdown":"0 ms","Step down the replication coordinator for shutdown":"1 ms","Time spent in quiesce mode":"0 ms","Shut down FLE Crud subsystem":"0 ms","Shut down MirrorMaestro":"0 ms","Shut down WaitForMajorityService":"0 ms","Shut down the global connection pool":"0 ms","Shut down the flow control ticket holder":"0 ms","Shut down the replica set monitor":"0 ms","Shut down the migration util executor":"0 ms","Shut down the transport layer":"0 ms","Shut down the TTL monitor":"0 ms","Shut down expired pre-images and documents removers":"0 ms","Wait for the oplog cap maintainer thread to stop":"0 ms","Shut down full-time data capture":"0 ms","Shut down online certificate status protocol manager":"0 ms","shutdownTask total elapsed time":"1 ms"}}}}
{"t":{"$date":"2025-09-11T13:04:06.977-04:00"},"s":"I",  "c":"CONTROL",  "id":23138,   "ctx":"initandlisten","msg":"Shutting down","attr":{"exitCode":100}}

{"t":{"$date":"2025-09-11T13:04:20.472-04:00"},"s":"I",  "c":"CONTROL",  "id":20698,   "ctx":"thread1","msg":"***** SERVER RESTARTED *****"}
{"t":{"$date":"2025-09-11T13:04:20.473-04:00"},"s":"I",  "c":"CONTROL",  "id":23285,   "ctx":"thread1","msg":"Automatically disabling TLS 1.0, to force-enable TLS 1.0 specify --sslDisabledProtocols 'none'"}
{"t":{"$date":"2025-09-11T13:04:20.475-04:00"},"s":"I",  "c":"CONTROL",  "id":5945603, "ctx":"thread1","msg":"Multi threading initialized"}
{"t":{"$date":"2025-09-11T13:04:20.476-04:00"},"s":"I",  "c":"NETWORK",  "id":4648601, "ctx":"thread1","msg":"Implicit TCP FastOpen unavailable. If TCP FastOpen is required, set at least one of the related parameters","attr":{"relatedParameters":["tcpFastOpenServer","tcpFastOpenClient","tcpFastOpenQueueSize"]}}
{"t":{"$date":"2025-09-11T13:04:20.476-04:00"},"s":"I",  "c":"NETWORK",  "id":4915701, "ctx":"thread1","msg":"Initialized wire specification","attr":{"spec":{"incomingExternalClient":{"minWireVersion":0,"maxWireVersion":25},"incomingInternalClient":{"minWireVersion":0,"maxWireVersion":25},"outgoing":{"minWireVersion":6,"maxWireVersion":25},"isInternalClient":true}}}
{"t":{"$date":"2025-09-11T13:04:20.476-04:00"},"s":"I",  "c":"TENANT_M", "id":7091600, "ctx":"thread1","msg":"Starting TenantMigrationAccessBlockerRegistry"}
{"t":{"$date":"2025-09-11T13:04:20.476-04:00"},"s":"I",  "c":"CONTROL",  "id":4615611, "ctx":"initandlisten","msg":"MongoDB starting","attr":{"pid":12745,"port":27017,"dbPath":"/Users/thomas/.config/~/mongodb-data","architecture":"64-bit","host":"Thomas-Macbook-10.local"}}
{"t":{"$date":"2025-09-11T13:04:20.476-04:00"},"s":"I",  "c":"CONTROL",  "id":23403,   "ctx":"initandlisten","msg":"Build Info","attr":{"buildInfo":{"version":"8.0.13","gitVersion":"8dc5cd2a30c4524132e2d44bb314544dc477e611","modules":[],"allocator":"system","environment":{"distarch":"arm64","target_arch":"arm64"}}}}
{"t":{"$date":"2025-09-11T13:04:20.476-04:00"},"s":"I",  "c":"CONTROL",  "id":51765,   "ctx":"initandlisten","msg":"Operating System","attr":{"os":{"name":"Mac OS X","version":"24.6.0"}}}
{"t":{"$date":"2025-09-11T13:04:20.476-04:00"},"s":"I",  "c":"CONTROL",  "id":21951,   "ctx":"initandlisten","msg":"Options set by command line","attr":{"options":{"config":"/Users/thomas/.config/mongodb/mongod.conf","net":{"bindIp":"127.0.0.1","port":27017},"processManagement":{"fork":false},"storage":{"dbPath":"~/mongodb-data"},"systemLog":{"destination":"file","logAppend":true,"path":"mongodb.log"}}}}
{"t":{"$date":"2025-09-11T13:04:20.477-04:00"},"s":"I",  "c":"NETWORK",  "id":5693100, "ctx":"initandlisten","msg":"Asio socket.set_option failed with std::system_error","attr":{"note":"acceptor TCP fast open","option":{"level":6,"name":261,"data":"00 04 00 00"},"error":{"what":"set_option: Invalid argument","message":"Invalid argument","category":"asio.system","value":22}}}
{"t":{"$date":"2025-09-11T13:04:20.477-04:00"},"s":"E",  "c":"CONTROL",  "id":20557,   "ctx":"initandlisten","msg":"DBException in initAndListen, terminating","attr":{"error":"NonExistentPath: Data directory /Users/thomas/.config/~/mongodb-data not found. Create the missing directory or specify another path using (1) the --dbpath command line option, or (2) by adding the 'storage.dbPath' option in the configuration file."}}
{"t":{"$date":"2025-09-11T13:04:20.477-04:00"},"s":"I",  "c":"REPL",     "id":4784900, "ctx":"initandlisten","msg":"Stepping down the ReplicationCoordinator for shutdown","attr":{"waitTimeMillis":15000}}
{"t":{"$date":"2025-09-11T13:04:20.477-04:00"},"s":"I",  "c":"REPL",     "id":4794602, "ctx":"initandlisten","msg":"Attempting to enter quiesce mode"}
{"t":{"$date":"2025-09-11T13:04:20.477-04:00"},"s":"I",  "c":"-",        "id":6371601, "ctx":"initandlisten","msg":"Shutting down the FLE Crud thread pool"}
{"t":{"$date":"2025-09-11T13:04:20.477-04:00"},"s":"I",  "c":"COMMAND",  "id":4784901, "ctx":"initandlisten","msg":"Shutting down the MirrorMaestro"}
{"t":{"$date":"2025-09-11T13:04:20.477-04:00"},"s":"I",  "c":"SHARDING", "id":4784902, "ctx":"initandlisten","msg":"Shutting down the WaitForMajorityService"}
{"t":{"$date":"2025-09-11T13:04:20.477-04:00"},"s":"I",  "c":"NETWORK",  "id":8314100, "ctx":"initandlisten","msg":"Shutdown: Closing listener sockets"}
{"t":{"$date":"2025-09-11T13:04:20.477-04:00"},"s":"I",  "c":"NETWORK",  "id":4784905, "ctx":"initandlisten","msg":"Shutting down the global connection pool"}
{"t":{"$date":"2025-09-11T13:04:20.477-04:00"},"s":"I",  "c":"CONTROL",  "id":4784906, "ctx":"initandlisten","msg":"Shutting down the FlowControlTicketholder"}
{"t":{"$date":"2025-09-11T13:04:20.477-04:00"},"s":"I",  "c":"-",        "id":20520,   "ctx":"initandlisten","msg":"Stopping further Flow Control ticket acquisitions."}
{"t":{"$date":"2025-09-11T13:04:20.477-04:00"},"s":"I",  "c":"NETWORK",  "id":4784918, "ctx":"initandlisten","msg":"Shutting down the ReplicaSetMonitor"}
{"t":{"$date":"2025-09-11T13:04:20.477-04:00"},"s":"I",  "c":"SHARDING", "id":4784921, "ctx":"initandlisten","msg":"Shutting down the MigrationUtilExecutor"}
{"t":{"$date":"2025-09-11T13:04:20.477-04:00"},"s":"I",  "c":"ASIO",     "id":22582,   "ctx":"MigrationUtil-TaskExecutor","msg":"Killing all outstanding egress activity."}
{"t":{"$date":"2025-09-11T13:04:20.477-04:00"},"s":"I",  "c":"NETWORK",  "id":20562,   "ctx":"initandlisten","msg":"Shutdown: Closing open transport sessions"}
{"t":{"$date":"2025-09-11T13:04:20.477-04:00"},"s":"I",  "c":"NETWORK",  "id":4784923, "ctx":"initandlisten","msg":"Shutting down the ASIO transport SessionManager"}
{"t":{"$date":"2025-09-11T13:04:20.477-04:00"},"s":"I",  "c":"CONTROL",  "id":4784928, "ctx":"initandlisten","msg":"Shutting down the TTL monitor"}
{"t":{"$date":"2025-09-11T13:04:20.477-04:00"},"s":"I",  "c":"CONTROL",  "id":6278511, "ctx":"initandlisten","msg":"Shutting down the Change Stream Expired Pre-images Remover"}
{"t":{"$date":"2025-09-11T13:04:20.477-04:00"},"s":"I",  "c":"CONTROL",  "id":4784929, "ctx":"initandlisten","msg":"Acquiring the global lock for shutdown"}
{"t":{"$date":"2025-09-11T13:04:20.477-04:00"},"s":"I",  "c":"-",        "id":4784931, "ctx":"initandlisten","msg":"Dropping the scope cache for shutdown"}
{"t":{"$date":"2025-09-11T13:04:20.477-04:00"},"s":"I",  "c":"CONTROL",  "id":20565,   "ctx":"initandlisten","msg":"Now exiting"}
{"t":{"$date":"2025-09-11T13:04:20.477-04:00"},"s":"I",  "c":"CONTROL",  "id":8423404, "ctx":"initandlisten","msg":"mongod shutdown complete","attr":{"Summary of time elapsed":{"Statistics":{"Enter terminal shutdown":"0 ms","Step down the replication coordinator for shutdown":"0 ms","Time spent in quiesce mode":"0 ms","Shut down FLE Crud subsystem":"0 ms","Shut down MirrorMaestro":"0 ms","Shut down WaitForMajorityService":"0 ms","Shut down the global connection pool":"0 ms","Shut down the flow control ticket holder":"0 ms","Shut down the replica set monitor":"0 ms","Shut down the migration util executor":"0 ms","Shut down the transport layer":"0 ms","Shut down the TTL monitor":"0 ms","Shut down expired pre-images and documents removers":"0 ms","Wait for the oplog cap maintainer thread to stop":"0 ms","Shut down full-time data capture":"0 ms","Shut down online certificate status protocol manager":"0 ms","shutdownTask total elapsed time":"0 ms"}}}}
{"t":{"$date":"2025-09-11T13:04:20.477-04:00"},"s":"I",  "c":"CONTROL",  "id":23138,   "ctx":"initandlisten","msg":"Shutting down","attr":{"exitCode":100}}

{"t":{"$date":"2025-09-11T13:06:27.335-04:00"},"s":"I",  "c":"CONTROL",  "id":20698,   "ctx":"thread1","msg":"***** SERVER RESTARTED *****"}
{"t":{"$date":"2025-09-11T13:06:27.336-04:00"},"s":"I",  "c":"CONTROL",  "id":23285,   "ctx":"thread1","msg":"Automatically disabling TLS 1.0, to force-enable TLS 1.0 specify --sslDisabledProtocols 'none'"}
{"t":{"$date":"2025-09-11T13:06:27.339-04:00"},"s":"I",  "c":"CONTROL",  "id":5945603, "ctx":"thread1","msg":"Multi threading initialized"}
{"t":{"$date":"2025-09-11T13:06:27.339-04:00"},"s":"I",  "c":"NETWORK",  "id":4648601, "ctx":"thread1","msg":"Implicit TCP FastOpen unavailable. If TCP FastOpen is required, set at least one of the related parameters","attr":{"relatedParameters":["tcpFastOpenServer","tcpFastOpenClient","tcpFastOpenQueueSize"]}}
{"t":{"$date":"2025-09-11T13:06:27.339-04:00"},"s":"I",  "c":"NETWORK",  "id":4915701, "ctx":"thread1","msg":"Initialized wire specification","attr":{"spec":{"incomingExternalClient":{"minWireVersion":0,"maxWireVersion":25},"incomingInternalClient":{"minWireVersion":0,"maxWireVersion":25},"outgoing":{"minWireVersion":6,"maxWireVersion":25},"isInternalClient":true}}}
{"t":{"$date":"2025-09-11T13:06:27.340-04:00"},"s":"I",  "c":"TENANT_M", "id":7091600, "ctx":"thread1","msg":"Starting TenantMigrationAccessBlockerRegistry"}
{"t":{"$date":"2025-09-11T13:06:27.340-04:00"},"s":"I",  "c":"CONTROL",  "id":4615611, "ctx":"initandlisten","msg":"MongoDB starting","attr":{"pid":41589,"port":27017,"dbPath":"/Users/thomas/.config/mongodb-data","architecture":"64-bit","host":"Thomas-Macbook-10.local"}}
{"t":{"$date":"2025-09-11T13:06:27.340-04:00"},"s":"I",  "c":"CONTROL",  "id":23403,   "ctx":"initandlisten","msg":"Build Info","attr":{"buildInfo":{"version":"8.0.13","gitVersion":"8dc5cd2a30c4524132e2d44bb314544dc477e611","modules":[],"allocator":"system","environment":{"distarch":"arm64","target_arch":"arm64"}}}}
{"t":{"$date":"2025-09-11T13:06:27.340-04:00"},"s":"I",  "c":"CONTROL",  "id":51765,   "ctx":"initandlisten","msg":"Operating System","attr":{"os":{"name":"Mac OS X","version":"24.6.0"}}}
{"t":{"$date":"2025-09-11T13:06:27.340-04:00"},"s":"I",  "c":"CONTROL",  "id":21951,   "ctx":"initandlisten","msg":"Options set by command line","attr":{"options":{"config":"/Users/thomas/.config/mongodb/mongod.conf","net":{"bindIp":"127.0.0.1","port":27017},"processManagement":{"fork":false},"storage":{"dbPath":"mongodb-data"},"systemLog":{"destination":"file","logAppend":true,"path":"mongodb.log"}}}}
{"t":{"$date":"2025-09-11T13:06:27.340-04:00"},"s":"I",  "c":"NETWORK",  "id":5693100, "ctx":"initandlisten","msg":"Asio socket.set_option failed with std::system_error","attr":{"note":"acceptor TCP fast open","option":{"level":6,"name":261,"data":"00 04 00 00"},"error":{"what":"set_option: Invalid argument","message":"Invalid argument","category":"asio.system","value":22}}}
{"t":{"$date":"2025-09-11T13:06:27.340-04:00"},"s":"E",  "c":"CONTROL",  "id":20557,   "ctx":"initandlisten","msg":"DBException in initAndListen, terminating","attr":{"error":"NonExistentPath: Data directory /Users/thomas/.config/mongodb-data not found. Create the missing directory or specify another path using (1) the --dbpath command line option, or (2) by adding the 'storage.dbPath' option in the configuration file."}}
{"t":{"$date":"2025-09-11T13:06:27.340-04:00"},"s":"I",  "c":"REPL",     "id":4784900, "ctx":"initandlisten","msg":"Stepping down the ReplicationCoordinator for shutdown","attr":{"waitTimeMillis":15000}}
{"t":{"$date":"2025-09-11T13:06:27.340-04:00"},"s":"I",  "c":"REPL",     "id":4794602, "ctx":"initandlisten","msg":"Attempting to enter quiesce mode"}
{"t":{"$date":"2025-09-11T13:06:27.340-04:00"},"s":"I",  "c":"-",        "id":6371601, "ctx":"initandlisten","msg":"Shutting down the FLE Crud thread pool"}
{"t":{"$date":"2025-09-11T13:06:27.340-04:00"},"s":"I",  "c":"COMMAND",  "id":4784901, "ctx":"initandlisten","msg":"Shutting down the MirrorMaestro"}
{"t":{"$date":"2025-09-11T13:06:27.340-04:00"},"s":"I",  "c":"SHARDING", "id":4784902, "ctx":"initandlisten","msg":"Shutting down the WaitForMajorityService"}
{"t":{"$date":"2025-09-11T13:06:27.340-04:00"},"s":"I",  "c":"NETWORK",  "id":8314100, "ctx":"initandlisten","msg":"Shutdown: Closing listener sockets"}
{"t":{"$date":"2025-09-11T13:06:27.340-04:00"},"s":"I",  "c":"NETWORK",  "id":4784905, "ctx":"initandlisten","msg":"Shutting down the global connection pool"}
{"t":{"$date":"2025-09-11T13:06:27.340-04:00"},"s":"I",  "c":"CONTROL",  "id":4784906, "ctx":"initandlisten","msg":"Shutting down the FlowControlTicketholder"}
{"t":{"$date":"2025-09-11T13:06:27.341-04:00"},"s":"I",  "c":"-",        "id":20520,   "ctx":"initandlisten","msg":"Stopping further Flow Control ticket acquisitions."}
{"t":{"$date":"2025-09-11T13:06:27.341-04:00"},"s":"I",  "c":"NETWORK",  "id":4784918, "ctx":"initandlisten","msg":"Shutting down the ReplicaSetMonitor"}
{"t":{"$date":"2025-09-11T13:06:27.341-04:00"},"s":"I",  "c":"SHARDING", "id":4784921, "ctx":"initandlisten","msg":"Shutting down the MigrationUtilExecutor"}
{"t":{"$date":"2025-09-11T13:06:27.341-04:00"},"s":"I",  "c":"ASIO",     "id":22582,   "ctx":"MigrationUtil-TaskExecutor","msg":"Killing all outstanding egress activity."}
{"t":{"$date":"2025-09-11T13:06:27.341-04:00"},"s":"I",  "c":"NETWORK",  "id":20562,   "ctx":"initandlisten","msg":"Shutdown: Closing open transport sessions"}
{"t":{"$date":"2025-09-11T13:06:27.341-04:00"},"s":"I",  "c":"NETWORK",  "id":4784923, "ctx":"initandlisten","msg":"Shutting down the ASIO transport SessionManager"}
{"t":{"$date":"2025-09-11T13:06:27.341-04:00"},"s":"I",  "c":"CONTROL",  "id":4784928, "ctx":"initandlisten","msg":"Shutting down the TTL monitor"}
{"t":{"$date":"2025-09-11T13:06:27.341-04:00"},"s":"I",  "c":"CONTROL",  "id":6278511, "ctx":"initandlisten","msg":"Shutting down the Change Stream Expired Pre-images Remover"}
{"t":{"$date":"2025-09-11T13:06:27.341-04:00"},"s":"I",  "c":"CONTROL",  "id":4784929, "ctx":"initandlisten","msg":"Acquiring the global lock for shutdown"}
{"t":{"$date":"2025-09-11T13:06:27.341-04:00"},"s":"I",  "c":"-",        "id":4784931, "ctx":"initandlisten","msg":"Dropping the scope cache for shutdown"}
{"t":{"$date":"2025-09-11T13:06:27.341-04:00"},"s":"I",  "c":"CONTROL",  "id":20565,   "ctx":"initandlisten","msg":"Now exiting"}
{"t":{"$date":"2025-09-11T13:06:27.341-04:00"},"s":"I",  "c":"CONTROL",  "id":8423404, "ctx":"initandlisten","msg":"mongod shutdown complete","attr":{"Summary of time elapsed":{"Statistics":{"Enter terminal shutdown":"0 ms","Step down the replication coordinator for shutdown":"0 ms","Time spent in quiesce mode":"0 ms","Shut down FLE Crud subsystem":"0 ms","Shut down MirrorMaestro":"0 ms","Shut down WaitForMajorityService":"0 ms","Shut down the global connection pool":"0 ms","Shut down the flow control ticket holder":"1 ms","Shut down the replica set monitor":"0 ms","Shut down the migration util executor":"0 ms","Shut down the transport layer":"0 ms","Shut down the TTL monitor":"0 ms","Shut down expired pre-images and documents removers":"0 ms","Wait for the oplog cap maintainer thread to stop":"0 ms","Shut down full-time data capture":"0 ms","Shut down online certificate status protocol manager":"0 ms","shutdownTask total elapsed time":"1 ms"}}}}
{"t":{"$date":"2025-09-11T13:06:27.341-04:00"},"s":"I",  "c":"CONTROL",  "id":23138,   "ctx":"initandlisten","msg":"Shutting down","attr":{"exitCode":100}}

{"t":{"$date":"2025-09-11T13:07:03.842-04:00"},"s":"I",  "c":"CONTROL",  "id":20698,   "ctx":"thread1","msg":"***** SERVER RESTARTED *****"}
{"t":{"$date":"2025-09-11T13:07:03.844-04:00"},"s":"I",  "c":"CONTROL",  "id":23285,   "ctx":"thread1","msg":"Automatically disabling TLS 1.0, to force-enable TLS 1.0 specify --sslDisabledProtocols 'none'"}
{"t":{"$date":"2025-09-11T13:07:03.846-04:00"},"s":"I",  "c":"CONTROL",  "id":5945603, "ctx":"thread1","msg":"Multi threading initialized"}
{"t":{"$date":"2025-09-11T13:07:03.847-04:00"},"s":"I",  "c":"NETWORK",  "id":4648601, "ctx":"thread1","msg":"Implicit TCP FastOpen unavailable. If TCP FastOpen is required, set at least one of the related parameters","attr":{"relatedParameters":["tcpFastOpenServer","tcpFastOpenClient","tcpFastOpenQueueSize"]}}
{"t":{"$date":"2025-09-11T13:07:03.847-04:00"},"s":"I",  "c":"NETWORK",  "id":4915701, "ctx":"thread1","msg":"Initialized wire specification","attr":{"spec":{"incomingExternalClient":{"minWireVersion":0,"maxWireVersion":25},"incomingInternalClient":{"minWireVersion":0,"maxWireVersion":25},"outgoing":{"minWireVersion":6,"maxWireVersion":25},"isInternalClient":true}}}
{"t":{"$date":"2025-09-11T13:07:03.847-04:00"},"s":"I",  "c":"TENANT_M", "id":7091600, "ctx":"thread1","msg":"Starting TenantMigrationAccessBlockerRegistry"}
{"t":{"$date":"2025-09-11T13:07:03.847-04:00"},"s":"I",  "c":"CONTROL",  "id":4615611, "ctx":"initandlisten","msg":"MongoDB starting","attr":{"pid":50368,"port":27017,"dbPath":"/Users/thomas/.config/mongodb-data","architecture":"64-bit","host":"Thomas-Macbook-10.local"}}
{"t":{"$date":"2025-09-11T13:07:03.847-04:00"},"s":"I",  "c":"CONTROL",  "id":23403,   "ctx":"initandlisten","msg":"Build Info","attr":{"buildInfo":{"version":"8.0.13","gitVersion":"8dc5cd2a30c4524132e2d44bb314544dc477e611","modules":[],"allocator":"system","environment":{"distarch":"arm64","target_arch":"arm64"}}}}
{"t":{"$date":"2025-09-11T13:07:03.847-04:00"},"s":"I",  "c":"CONTROL",  "id":51765,   "ctx":"initandlisten","msg":"Operating System","attr":{"os":{"name":"Mac OS X","version":"24.6.0"}}}
{"t":{"$date":"2025-09-11T13:07:03.847-04:00"},"s":"I",  "c":"CONTROL",  "id":21951,   "ctx":"initandlisten","msg":"Options set by command line","attr":{"options":{"config":"/Users/thomas/.config/mongodb/mongod.conf","net":{"bindIp":"127.0.0.1","port":27017},"processManagement":{"fork":false},"storage":{"dbPath":"mongodb-data"},"systemLog":{"destination":"file","logAppend":true,"path":"mongodb.log"}}}}
{"t":{"$date":"2025-09-11T13:07:03.848-04:00"},"s":"I",  "c":"NETWORK",  "id":5693100, "ctx":"initandlisten","msg":"Asio socket.set_option failed with std::system_error","attr":{"note":"acceptor TCP fast open","option":{"level":6,"name":261,"data":"00 04 00 00"},"error":{"what":"set_option: Invalid argument","message":"Invalid argument","category":"asio.system","value":22}}}
{"t":{"$date":"2025-09-11T13:07:03.848-04:00"},"s":"E",  "c":"CONTROL",  "id":20557,   "ctx":"initandlisten","msg":"DBException in initAndListen, terminating","attr":{"error":"NonExistentPath: Data directory /Users/thomas/.config/mongodb-data not found. Create the missing directory or specify another path using (1) the --dbpath command line option, or (2) by adding the 'storage.dbPath' option in the configuration file."}}
{"t":{"$date":"2025-09-11T13:07:03.848-04:00"},"s":"I",  "c":"REPL",     "id":4784900, "ctx":"initandlisten","msg":"Stepping down the ReplicationCoordinator for shutdown","attr":{"waitTimeMillis":15000}}
{"t":{"$date":"2025-09-11T13:07:03.848-04:00"},"s":"I",  "c":"REPL",     "id":4794602, "ctx":"initandlisten","msg":"Attempting to enter quiesce mode"}
{"t":{"$date":"2025-09-11T13:07:03.848-04:00"},"s":"I",  "c":"-",        "id":6371601, "ctx":"initandlisten","msg":"Shutting down the FLE Crud thread pool"}
{"t":{"$date":"2025-09-11T13:07:03.848-04:00"},"s":"I",  "c":"COMMAND",  "id":4784901, "ctx":"initandlisten","msg":"Shutting down the MirrorMaestro"}
{"t":{"$date":"2025-09-11T13:07:03.848-04:00"},"s":"I",  "c":"SHARDING", "id":4784902, "ctx":"initandlisten","msg":"Shutting down the WaitForMajorityService"}
{"t":{"$date":"2025-09-11T13:07:03.848-04:00"},"s":"I",  "c":"NETWORK",  "id":8314100, "ctx":"initandlisten","msg":"Shutdown: Closing listener sockets"}
{"t":{"$date":"2025-09-11T13:07:03.848-04:00"},"s":"I",  "c":"NETWORK",  "id":4784905, "ctx":"initandlisten","msg":"Shutting down the global connection pool"}
{"t":{"$date":"2025-09-11T13:07:03.848-04:00"},"s":"I",  "c":"CONTROL",  "id":4784906, "ctx":"initandlisten","msg":"Shutting down the FlowControlTicketholder"}
{"t":{"$date":"2025-09-11T13:07:03.848-04:00"},"s":"I",  "c":"-",        "id":20520,   "ctx":"initandlisten","msg":"Stopping further Flow Control ticket acquisitions."}
{"t":{"$date":"2025-09-11T13:07:03.848-04:00"},"s":"I",  "c":"NETWORK",  "id":4784918, "ctx":"initandlisten","msg":"Shutting down the ReplicaSetMonitor"}
{"t":{"$date":"2025-09-11T13:07:03.848-04:00"},"s":"I",  "c":"SHARDING", "id":4784921, "ctx":"initandlisten","msg":"Shutting down the MigrationUtilExecutor"}
{"t":{"$date":"2025-09-11T13:07:03.848-04:00"},"s":"I",  "c":"ASIO",     "id":22582,   "ctx":"MigrationUtil-TaskExecutor","msg":"Killing all outstanding egress activity."}
{"t":{"$date":"2025-09-11T13:07:03.848-04:00"},"s":"I",  "c":"NETWORK",  "id":20562,   "ctx":"initandlisten","msg":"Shutdown: Closing open transport sessions"}
{"t":{"$date":"2025-09-11T13:07:03.848-04:00"},"s":"I",  "c":"NETWORK",  "id":4784923, "ctx":"initandlisten","msg":"Shutting down the ASIO transport SessionManager"}
{"t":{"$date":"2025-09-11T13:07:03.848-04:00"},"s":"I",  "c":"CONTROL",  "id":4784928, "ctx":"initandlisten","msg":"Shutting down the TTL monitor"}
{"t":{"$date":"2025-09-11T13:07:03.848-04:00"},"s":"I",  "c":"CONTROL",  "id":6278511, "ctx":"initandlisten","msg":"Shutting down the Change Stream Expired Pre-images Remover"}
{"t":{"$date":"2025-09-11T13:07:03.848-04:00"},"s":"I",  "c":"CONTROL",  "id":4784929, "ctx":"initandlisten","msg":"Acquiring the global lock for shutdown"}
{"t":{"$date":"2025-09-11T13:07:03.848-04:00"},"s":"I",  "c":"-",        "id":4784931, "ctx":"initandlisten","msg":"Dropping the scope cache for shutdown"}
{"t":{"$date":"2025-09-11T13:07:03.848-04:00"},"s":"I",  "c":"CONTROL",  "id":20565,   "ctx":"initandlisten","msg":"Now exiting"}
{"t":{"$date":"2025-09-11T13:07:03.848-04:00"},"s":"I",  "c":"CONTROL",  "id":8423404, "ctx":"initandlisten","msg":"mongod shutdown complete","attr":{"Summary of time elapsed":{"Statistics":{"Enter terminal shutdown":"0 ms","Step down the replication coordinator for shutdown":"0 ms","Time spent in quiesce mode":"0 ms","Shut down FLE Crud subsystem":"0 ms","Shut down MirrorMaestro":"0 ms","Shut down WaitForMajorityService":"0 ms","Shut down the global connection pool":"0 ms","Shut down the flow control ticket holder":"0 ms","Shut down the replica set monitor":"0 ms","Shut down the migration util executor":"0 ms","Shut down the transport layer":"0 ms","Shut down the TTL monitor":"0 ms","Shut down expired pre-images and documents removers":"0 ms","Wait for the oplog cap maintainer thread to stop":"0 ms","Shut down full-time data capture":"0 ms","Shut down online certificate status protocol manager":"0 ms","shutdownTask total elapsed time":"0 ms"}}}}
{"t":{"$date":"2025-09-11T13:07:03.848-04:00"},"s":"I",  "c":"CONTROL",  "id":23138,   "ctx":"initandlisten","msg":"Shutting down","attr":{"exitCode":100}}

{"t":{"$date":"2025-09-11T13:07:14.250-04:00"},"s":"I",  "c":"CONTROL",  "id":20698,   "ctx":"thread1","msg":"***** SERVER RESTARTED *****"}
{"t":{"$date":"2025-09-11T13:07:14.252-04:00"},"s":"I",  "c":"CONTROL",  "id":23285,   "ctx":"thread1","msg":"Automatically disabling TLS 1.0, to force-enable TLS 1.0 specify --sslDisabledProtocols 'none'"}
{"t":{"$date":"2025-09-11T13:07:14.254-04:00"},"s":"I",  "c":"CONTROL",  "id":5945603, "ctx":"thread1","msg":"Multi threading initialized"}
{"t":{"$date":"2025-09-11T13:07:14.254-04:00"},"s":"I",  "c":"NETWORK",  "id":4648601, "ctx":"thread1","msg":"Implicit TCP FastOpen unavailable. If TCP FastOpen is required, set at least one of the related parameters","attr":{"relatedParameters":["tcpFastOpenServer","tcpFastOpenClient","tcpFastOpenQueueSize"]}}
{"t":{"$date":"2025-09-11T13:07:14.255-04:00"},"s":"I",  "c":"NETWORK",  "id":4915701, "ctx":"thread1","msg":"Initialized wire specification","attr":{"spec":{"incomingExternalClient":{"minWireVersion":0,"maxWireVersion":25},"incomingInternalClient":{"minWireVersion":0,"maxWireVersion":25},"outgoing":{"minWireVersion":6,"maxWireVersion":25},"isInternalClient":true}}}
{"t":{"$date":"2025-09-11T13:07:14.255-04:00"},"s":"I",  "c":"TENANT_M", "id":7091600, "ctx":"thread1","msg":"Starting TenantMigrationAccessBlockerRegistry"}
{"t":{"$date":"2025-09-11T13:07:14.255-04:00"},"s":"I",  "c":"CONTROL",  "id":4615611, "ctx":"initandlisten","msg":"MongoDB starting","attr":{"pid":52872,"port":27017,"dbPath":"/Users/thomas/.config/mongodb-data","architecture":"64-bit","host":"Thomas-Macbook-10.local"}}
{"t":{"$date":"2025-09-11T13:07:14.255-04:00"},"s":"I",  "c":"CONTROL",  "id":23403,   "ctx":"initandlisten","msg":"Build Info","attr":{"buildInfo":{"version":"8.0.13","gitVersion":"8dc5cd2a30c4524132e2d44bb314544dc477e611","modules":[],"allocator":"system","environment":{"distarch":"arm64","target_arch":"arm64"}}}}
{"t":{"$date":"2025-09-11T13:07:14.255-04:00"},"s":"I",  "c":"CONTROL",  "id":51765,   "ctx":"initandlisten","msg":"Operating System","attr":{"os":{"name":"Mac OS X","version":"24.6.0"}}}
{"t":{"$date":"2025-09-11T13:07:14.255-04:00"},"s":"I",  "c":"CONTROL",  "id":21951,   "ctx":"initandlisten","msg":"Options set by command line","attr":{"options":{"config":"/Users/thomas/.config/mongodb/mongod.conf","net":{"bindIp":"127.0.0.1","port":27017},"processManagement":{"fork":false},"storage":{"dbPath":"mongodb-data"},"systemLog":{"destination":"file","logAppend":true,"path":"mongodb.log"}}}}
{"t":{"$date":"2025-09-11T13:07:14.255-04:00"},"s":"I",  "c":"NETWORK",  "id":5693100, "ctx":"initandlisten","msg":"Asio socket.set_option failed with std::system_error","attr":{"note":"acceptor TCP fast open","option":{"level":6,"name":261,"data":"00 04 00 00"},"error":{"what":"set_option: Invalid argument","message":"Invalid argument","category":"asio.system","value":22}}}
{"t":{"$date":"2025-09-11T13:07:14.255-04:00"},"s":"E",  "c":"CONTROL",  "id":20557,   "ctx":"initandlisten","msg":"DBException in initAndListen, terminating","attr":{"error":"NonExistentPath: Data directory /Users/thomas/.config/mongodb-data not found. Create the missing directory or specify another path using (1) the --dbpath command line option, or (2) by adding the 'storage.dbPath' option in the configuration file."}}
{"t":{"$date":"2025-09-11T13:07:14.255-04:00"},"s":"I",  "c":"REPL",     "id":4784900, "ctx":"initandlisten","msg":"Stepping down the ReplicationCoordinator for shutdown","attr":{"waitTimeMillis":15000}}
{"t":{"$date":"2025-09-11T13:07:14.256-04:00"},"s":"I",  "c":"REPL",     "id":4794602, "ctx":"initandlisten","msg":"Attempting to enter quiesce mode"}
{"t":{"$date":"2025-09-11T13:07:14.256-04:00"},"s":"I",  "c":"-",        "id":6371601, "ctx":"initandlisten","msg":"Shutting down the FLE Crud thread pool"}
{"t":{"$date":"2025-09-11T13:07:14.256-04:00"},"s":"I",  "c":"COMMAND",  "id":4784901, "ctx":"initandlisten","msg":"Shutting down the MirrorMaestro"}
{"t":{"$date":"2025-09-11T13:07:14.256-04:00"},"s":"I",  "c":"SHARDING", "id":4784902, "ctx":"initandlisten","msg":"Shutting down the WaitForMajorityService"}
{"t":{"$date":"2025-09-11T13:07:14.256-04:00"},"s":"I",  "c":"NETWORK",  "id":8314100, "ctx":"initandlisten","msg":"Shutdown: Closing listener sockets"}
{"t":{"$date":"2025-09-11T13:07:14.256-04:00"},"s":"I",  "c":"NETWORK",  "id":4784905, "ctx":"initandlisten","msg":"Shutting down the global connection pool"}
{"t":{"$date":"2025-09-11T13:07:14.256-04:00"},"s":"I",  "c":"CONTROL",  "id":4784906, "ctx":"initandlisten","msg":"Shutting down the FlowControlTicketholder"}
{"t":{"$date":"2025-09-11T13:07:14.256-04:00"},"s":"I",  "c":"-",        "id":20520,   "ctx":"initandlisten","msg":"Stopping further Flow Control ticket acquisitions."}
{"t":{"$date":"2025-09-11T13:07:14.256-04:00"},"s":"I",  "c":"NETWORK",  "id":4784918, "ctx":"initandlisten","msg":"Shutting down the ReplicaSetMonitor"}
{"t":{"$date":"2025-09-11T13:07:14.256-04:00"},"s":"I",  "c":"SHARDING", "id":4784921, "ctx":"initandlisten","msg":"Shutting down the MigrationUtilExecutor"}
{"t":{"$date":"2025-09-11T13:07:14.256-04:00"},"s":"I",  "c":"ASIO",     "id":22582,   "ctx":"MigrationUtil-TaskExecutor","msg":"Killing all outstanding egress activity."}
{"t":{"$date":"2025-09-11T13:07:14.256-04:00"},"s":"I",  "c":"NETWORK",  "id":20562,   "ctx":"initandlisten","msg":"Shutdown: Closing open transport sessions"}
{"t":{"$date":"2025-09-11T13:07:14.256-04:00"},"s":"I",  "c":"NETWORK",  "id":4784923, "ctx":"initandlisten","msg":"Shutting down the ASIO transport SessionManager"}
{"t":{"$date":"2025-09-11T13:07:14.256-04:00"},"s":"I",  "c":"CONTROL",  "id":4784928, "ctx":"initandlisten","msg":"Shutting down the TTL monitor"}
{"t":{"$date":"2025-09-11T13:07:14.256-04:00"},"s":"I",  "c":"CONTROL",  "id":6278511, "ctx":"initandlisten","msg":"Shutting down the Change Stream Expired Pre-images Remover"}
{"t":{"$date":"2025-09-11T13:07:14.256-04:00"},"s":"I",  "c":"CONTROL",  "id":4784929, "ctx":"initandlisten","msg":"Acquiring the global lock for shutdown"}
{"t":{"$date":"2025-09-11T13:07:14.256-04:00"},"s":"I",  "c":"-",        "id":4784931, "ctx":"initandlisten","msg":"Dropping the scope cache for shutdown"}
{"t":{"$date":"2025-09-11T13:07:14.256-04:00"},"s":"I",  "c":"CONTROL",  "id":20565,   "ctx":"initandlisten","msg":"Now exiting"}
{"t":{"$date":"2025-09-11T13:07:14.256-04:00"},"s":"I",  "c":"CONTROL",  "id":8423404, "ctx":"initandlisten","msg":"mongod shutdown complete","attr":{"Summary of time elapsed":{"Statistics":{"Enter terminal shutdown":"0 ms","Step down the replication coordinator for shutdown":"1 ms","Time spent in quiesce mode":"0 ms","Shut down FLE Crud subsystem":"0 ms","Shut down MirrorMaestro":"0 ms","Shut down WaitForMajorityService":"0 ms","Shut down the global connection pool":"0 ms","Shut down the flow control ticket holder":"0 ms","Shut down the replica set monitor":"0 ms","Shut down the migration util executor":"0 ms","Shut down the transport layer":"0 ms","Shut down the TTL monitor":"0 ms","Shut down expired pre-images and documents removers":"0 ms","Wait for the oplog cap maintainer thread to stop":"0 ms","Shut down full-time data capture":"0 ms","Shut down online certificate status protocol manager":"0 ms","shutdownTask total elapsed time":"1 ms"}}}}
{"t":{"$date":"2025-09-11T13:07:14.256-04:00"},"s":"I",  "c":"CONTROL",  "id":23138,   "ctx":"initandlisten","msg":"Shutting down","attr":{"exitCode":100}}

{"t":{"$date":"2025-09-11T13:07:16.156-04:00"},"s":"I",  "c":"CONTROL",  "id":20698,   "ctx":"thread1","msg":"***** SERVER RESTARTED *****"}
{"t":{"$date":"2025-09-11T13:07:16.158-04:00"},"s":"I",  "c":"CONTROL",  "id":23285,   "ctx":"thread1","msg":"Automatically disabling TLS 1.0, to force-enable TLS 1.0 specify --sslDisabledProtocols 'none'"}
{"t":{"$date":"2025-09-11T13:07:16.159-04:00"},"s":"I",  "c":"CONTROL",  "id":5945603, "ctx":"thread1","msg":"Multi threading initialized"}
{"t":{"$date":"2025-09-11T13:07:16.159-04:00"},"s":"I",  "c":"NETWORK",  "id":4648601, "ctx":"thread1","msg":"Implicit TCP FastOpen unavailable. If TCP FastOpen is required, set at least one of the related parameters","attr":{"relatedParameters":["tcpFastOpenServer","tcpFastOpenClient","tcpFastOpenQueueSize"]}}
{"t":{"$date":"2025-09-11T13:07:16.159-04:00"},"s":"I",  "c":"NETWORK",  "id":4915701, "ctx":"thread1","msg":"Initialized wire specification","attr":{"spec":{"incomingExternalClient":{"minWireVersion":0,"maxWireVersion":25},"incomingInternalClient":{"minWireVersion":0,"maxWireVersion":25},"outgoing":{"minWireVersion":6,"maxWireVersion":25},"isInternalClient":true}}}
{"t":{"$date":"2025-09-11T13:07:16.159-04:00"},"s":"I",  "c":"TENANT_M", "id":7091600, "ctx":"thread1","msg":"Starting TenantMigrationAccessBlockerRegistry"}
{"t":{"$date":"2025-09-11T13:07:16.159-04:00"},"s":"I",  "c":"CONTROL",  "id":4615611, "ctx":"initandlisten","msg":"MongoDB starting","attr":{"pid":53261,"port":27017,"dbPath":"/Users/thomas/.config/mongodb-data","architecture":"64-bit","host":"Thomas-Macbook-10.local"}}
{"t":{"$date":"2025-09-11T13:07:16.159-04:00"},"s":"I",  "c":"CONTROL",  "id":23403,   "ctx":"initandlisten","msg":"Build Info","attr":{"buildInfo":{"version":"8.0.13","gitVersion":"8dc5cd2a30c4524132e2d44bb314544dc477e611","modules":[],"allocator":"system","environment":{"distarch":"arm64","target_arch":"arm64"}}}}
{"t":{"$date":"2025-09-11T13:07:16.159-04:00"},"s":"I",  "c":"CONTROL",  "id":51765,   "ctx":"initandlisten","msg":"Operating System","attr":{"os":{"name":"Mac OS X","version":"24.6.0"}}}
{"t":{"$date":"2025-09-11T13:07:16.159-04:00"},"s":"I",  "c":"CONTROL",  "id":21951,   "ctx":"initandlisten","msg":"Options set by command line","attr":{"options":{"config":"/Users/thomas/.config/mongodb/mongod.conf","net":{"bindIp":"127.0.0.1","port":27017},"processManagement":{"fork":false},"storage":{"dbPath":"mongodb-data"},"systemLog":{"destination":"file","logAppend":true,"path":"mongodb.log"}}}}
{"t":{"$date":"2025-09-11T13:07:16.160-04:00"},"s":"I",  "c":"NETWORK",  "id":5693100, "ctx":"initandlisten","msg":"Asio socket.set_option failed with std::system_error","attr":{"note":"acceptor TCP fast open","option":{"level":6,"name":261,"data":"00 04 00 00"},"error":{"what":"set_option: Invalid argument","message":"Invalid argument","category":"asio.system","value":22}}}
{"t":{"$date":"2025-09-11T13:07:16.160-04:00"},"s":"E",  "c":"CONTROL",  "id":20557,   "ctx":"initandlisten","msg":"DBException in initAndListen, terminating","attr":{"error":"NonExistentPath: Data directory /Users/thomas/.config/mongodb-data not found. Create the missing directory or specify another path using (1) the --dbpath command line option, or (2) by adding the 'storage.dbPath' option in the configuration file."}}
{"t":{"$date":"2025-09-11T13:07:16.160-04:00"},"s":"I",  "c":"REPL",     "id":4784900, "ctx":"initandlisten","msg":"Stepping down the ReplicationCoordinator for shutdown","attr":{"waitTimeMillis":15000}}
{"t":{"$date":"2025-09-11T13:07:16.160-04:00"},"s":"I",  "c":"REPL",     "id":4794602, "ctx":"initandlisten","msg":"Attempting to enter quiesce mode"}
{"t":{"$date":"2025-09-11T13:07:16.160-04:00"},"s":"I",  "c":"-",        "id":6371601, "ctx":"initandlisten","msg":"Shutting down the FLE Crud thread pool"}
{"t":{"$date":"2025-09-11T13:07:16.160-04:00"},"s":"I",  "c":"COMMAND",  "id":4784901, "ctx":"initandlisten","msg":"Shutting down the MirrorMaestro"}
{"t":{"$date":"2025-09-11T13:07:16.160-04:00"},"s":"I",  "c":"SHARDING", "id":4784902, "ctx":"initandlisten","msg":"Shutting down the WaitForMajorityService"}
{"t":{"$date":"2025-09-11T13:07:16.160-04:00"},"s":"I",  "c":"NETWORK",  "id":8314100, "ctx":"initandlisten","msg":"Shutdown: Closing listener sockets"}
{"t":{"$date":"2025-09-11T13:07:16.160-04:00"},"s":"I",  "c":"NETWORK",  "id":4784905, "ctx":"initandlisten","msg":"Shutting down the global connection pool"}
{"t":{"$date":"2025-09-11T13:07:16.160-04:00"},"s":"I",  "c":"CONTROL",  "id":4784906, "ctx":"initandlisten","msg":"Shutting down the FlowControlTicketholder"}
{"t":{"$date":"2025-09-11T13:07:16.160-04:00"},"s":"I",  "c":"-",        "id":20520,   "ctx":"initandlisten","msg":"Stopping further Flow Control ticket acquisitions."}
{"t":{"$date":"2025-09-11T13:07:16.160-04:00"},"s":"I",  "c":"NETWORK",  "id":4784918, "ctx":"initandlisten","msg":"Shutting down the ReplicaSetMonitor"}
{"t":{"$date":"2025-09-11T13:07:16.160-04:00"},"s":"I",  "c":"SHARDING", "id":4784921, "ctx":"initandlisten","msg":"Shutting down the MigrationUtilExecutor"}
{"t":{"$date":"2025-09-11T13:07:16.160-04:00"},"s":"I",  "c":"ASIO",     "id":22582,   "ctx":"MigrationUtil-TaskExecutor","msg":"Killing all outstanding egress activity."}
{"t":{"$date":"2025-09-11T13:07:16.160-04:00"},"s":"I",  "c":"NETWORK",  "id":20562,   "ctx":"initandlisten","msg":"Shutdown: Closing open transport sessions"}
{"t":{"$date":"2025-09-11T13:07:16.160-04:00"},"s":"I",  "c":"NETWORK",  "id":4784923, "ctx":"initandlisten","msg":"Shutting down the ASIO transport SessionManager"}
{"t":{"$date":"2025-09-11T13:07:16.160-04:00"},"s":"I",  "c":"CONTROL",  "id":4784928, "ctx":"initandlisten","msg":"Shutting down the TTL monitor"}
{"t":{"$date":"2025-09-11T13:07:16.160-04:00"},"s":"I",  "c":"CONTROL",  "id":6278511, "ctx":"initandlisten","msg":"Shutting down the Change Stream Expired Pre-images Remover"}
{"t":{"$date":"2025-09-11T13:07:16.160-04:00"},"s":"I",  "c":"CONTROL",  "id":4784929, "ctx":"initandlisten","msg":"Acquiring the global lock for shutdown"}
{"t":{"$date":"2025-09-11T13:07:16.160-04:00"},"s":"I",  "c":"-",        "id":4784931, "ctx":"initandlisten","msg":"Dropping the scope cache for shutdown"}
{"t":{"$date":"2025-09-11T13:07:16.160-04:00"},"s":"I",  "c":"CONTROL",  "id":20565,   "ctx":"initandlisten","msg":"Now exiting"}
{"t":{"$date":"2025-09-11T13:07:16.160-04:00"},"s":"I",  "c":"CONTROL",  "id":8423404, "ctx":"initandlisten","msg":"mongod shutdown complete","attr":{"Summary of time elapsed":{"Statistics":{"Enter terminal shutdown":"0 ms","Step down the replication coordinator for shutdown":"0 ms","Time spent in quiesce mode":"0 ms","Shut down FLE Crud subsystem":"0 ms","Shut down MirrorMaestro":"0 ms","Shut down WaitForMajorityService":"0 ms","Shut down the global connection pool":"0 ms","Shut down the flow control ticket holder":"0 ms","Shut down the replica set monitor":"0 ms","Shut down the migration util executor":"0 ms","Shut down the transport layer":"0 ms","Shut down the TTL monitor":"0 ms","Shut down expired pre-images and documents removers":"0 ms","Wait for the oplog cap maintainer thread to stop":"0 ms","Shut down full-time data capture":"0 ms","Shut down online certificate status protocol manager":"0 ms","shutdownTask total elapsed time":"0 ms"}}}}
{"t":{"$date":"2025-09-11T13:07:16.160-04:00"},"s":"I",  "c":"CONTROL",  "id":23138,   "ctx":"initandlisten","msg":"Shutting down","attr":{"exitCode":100}}
