2
/Users/thomas/Music/BlindGuardian/Deliver Us From Evil.mp3
/Users/thomas/Music/GarageBand/Project.band/Media/Audio Files/Southern_New_Hampshire_University.m4a.wav
/Users/thomas/Music/BlindGuardian/Violent Shadows.mp3
/Users/thomas/Music/BlindGuardian/Life Beyond The Spheres.mp3
/Users/thomas/Music/Logic/1.logicx/Media/Audio Files/Southern_New_Hampshire_University.m4a.wav
/Users/thomas/Music/GarageBand/Project.band/Media/Audio Files/Southern_New_Hampshire_University.m4a.wav
/Users/thomas/Music/BlindGuardian/Blood Of The Elves.mp3
/Users/thomas/Music/GarageBand/Project.band/Media/Audio Files/Southern_New_Hampshire_University.m4a.wav
/Users/thomas/Music/BlindGuardian/Let It Be No More.mp3
/Users/thomas/Music/GarageBand/Project.band/Media/Audio Files/Southern_New_Hampshire_University.m4a.wav
/Users/thomas/Music/BlindGuardian/Violent Shadows.mp3
/Users/thomas/Music/BlindGuardian/Life Beyond The Spheres.mp3
/Users/thomas/Music/BlindGuardian/Life Beyond The Spheres.mp3
/Users/thomas/Music/Logic/1.logicx/Media/Audio Files/Southern_New_Hampshire_University_4.m4a.wav
/Users/thomas/Music/Logic/1.logicx/Media/Audio Files/Southern_New_Hampshire_University_4_Denoised1.m4a.wav
/Users/thomas/Music/BlindGuardian/Violent Shadows.mp3
/Users/thomas/Music/GarageBand/Project.band/Media/Audio Files/Southern_New_Hampshire_University.m4a.wav
/Users/thomas/Music/BlindGuardian/Violent Shadows.mp3
/Users/thomas/Music/GarageBand/Project.band/Media/Audio Files/Southern_New_Hampshire_University.m4a.wav
/Users/thomas/Music/BlindGuardian/Destiny.mp3
/Users/thomas/Music/BlindGuardian/Blood Of The Elves.mp3
/Users/thomas/Music/GarageBand/Project.band/Media/Audio Files/Southern_New_Hampshire_University.m4a.wav
/Users/thomas/Music/BlindGuardian/Life Beyond The Spheres.mp3
/Users/thomas/Music/BlindGuardian/Let It Be No More.mp3
/Users/thomas/Music/BlindGuardian/Violent Shadows.mp3
/Users/thomas/Music/BlindGuardian/Damnation.mp3
/Users/thomas/Music/BlindGuardian/Life Beyond The Spheres.mp3
/Users/thomas/Music/BlindGuardian/Let It Be No More.mp3
/Users/thomas/Music/BlindGuardian/Secrets Of The American Gods.mp3
/Users/thomas/Music/BlindGuardian/Blood Of The Elves.mp3
/Users/thomas/Music/GarageBand/Project.band/Media/Audio Files/Southern_New_Hampshire_University.m4a.wav
/Users/thomas/Music/BlindGuardian/Deliver Us From Evil.mp3
/Users/thomas/Music/BlindGuardian/Violent Shadows.mp3
/Users/thomas/Music/BlindGuardian/Life Beyond The Spheres.mp3
/Users/thomas/Music/BlindGuardian/Life Beyond The Spheres.mp3
/Users/thomas/Music/GarageBand/Project.band/Media/Audio Files/Southern_New_Hampshire_University.m4a.wav
/Users/thomas/Music/BlindGuardian/Let It Be No More.mp3
/Users/thomas/Music/BlindGuardian/Destiny.mp3
/Users/thomas/Music/BlindGuardian/Damnation.mp3
/Users/thomas/Music/BlindGuardian/Violent Shadows.mp3
/Users/thomas/Music/Logic/1.logicx/Media/Audio Files/Southern_New_Hampshire_University_4.m4a.wav
/Users/thomas/Music/BlindGuardian/Damnation.mp3
/Users/thomas/Music/BlindGuardian/Life Beyond The Spheres.mp3
/Users/thomas/Music/BlindGuardian/Damnation.mp3
/Users/thomas/Music/GarageBand/Project.band/Media/Audio Files/Southern_New_Hampshire_University.m4a.wav
/Users/thomas/Music/BlindGuardian/Deliver Us From Evil.mp3
/Users/thomas/Music/BlindGuardian/Blood Of The Elves.mp3
/Users/thomas/Music/Logic/1.logicx/Media/Audio Files/Southern_New_Hampshire_University_4_Denoised1.m4a.wav
/Users/thomas/Music/BlindGuardian/Destiny.mp3
/Users/thomas/Music/Logic/1.logicx/Media/Audio Files/Southern_New_Hampshire_University_4_Denoised1.m4a.wav
/Users/thomas/Music/GarageBand/Project.band/Media/Audio Files/Southern_New_Hampshire_University.m4a.wav
/Users/thomas/Music/Logic/1.logicx/Media/Audio Files/Southern_New_Hampshire_University_4.m4a.wav
/Users/thomas/Music/BlindGuardian/Architects Of Doom.mp3
/Users/thomas/Music/BlindGuardian/Damnation.mp3
/Users/thomas/Music/BlindGuardian/Violent Shadows.mp3
/Users/thomas/Music/BlindGuardian/Deliver Us From Evil.mp3
/Users/thomas/Music/BlindGuardian/Architects Of Doom.mp3
/Users/thomas/Music/BlindGuardian/Deliver Us From Evil.mp3
/Users/thomas/Music/Logic/1.logicx/Media/Audio Files/Southern_New_Hampshire_University.m4a.wav
/Users/thomas/Music/BlindGuardian/Destiny.mp3
/Users/thomas/Music/Logic/1.logicx/Media/Audio Files/Southern_New_Hampshire_University_4_Denoised1.m4a.wav
/Users/thomas/Music/BlindGuardian/Damnation.mp3
