1737557917.660169 client started (15639): version 3.5a, socket /private/tmp/tmux-502/default, protocol 8
1737557917.660253 on Darwin 24.1.0 Darwin Kernel Version 24.1.0: Thu Oct 10 21:03:15 PDT 2024; root:xnu-11215.41.3~2/RELEASE_ARM64_T6000
1737557917.660264 using libevent 2.1.12-stable select
1737557917.661085 using utf8proc 2.10.0
1737557917.661104 using ncurses 6.5 20240427
1737557917.661136 flags are 0x18010000
1737557917.661146 socket is /private/tmp/tmux-502/default
1737557917.661161 trying connect
1737557917.661238 add peer 0x118008000: 6 (0x0)
1737557917.664654 sending message 111 to peer 0x118008000 (8 bytes)
1737557917.664666 sending message 111 to peer 0x118008000 (8 bytes)
1737557917.664671 sending message 101 to peer 0x118008000 (14 bytes)
1737557917.664676 sending message 109 to peer 0x118008000 (4 bytes)
1737557917.664680 sending message 102 to peer 0x118008000 (13 bytes)
1737557917.664685 sending message 108 to peer 0x118008000 (30 bytes)
1737557917.664690 sending message 112 to peer 0x118008000 (70 bytes)
1737557917.664695 sending message 112 to peer 0x118008000 (5 bytes)
1737557917.664699 sending message 112 to peer 0x118008000 (5 bytes)
1737557917.664704 sending message 112 to peer 0x118008000 (6 bytes)
1737557917.664708 sending message 112 to peer 0x118008000 (6 bytes)
1737557917.664712 sending message 112 to peer 0x118008000 (11 bytes)
1737557917.664716 sending message 112 to peer 0x118008000 (10 bytes)
1737557917.664721 sending message 112 to peer 0x118008000 (13 bytes)
1737557917.664725 sending message 112 to peer 0x118008000 (14 bytes)
1737557917.664729 sending message 112 to peer 0x118008000 (9 bytes)
1737557917.664733 sending message 112 to peer 0x118008000 (21 bytes)
1737557917.664738 sending message 112 to peer 0x118008000 (19 bytes)
1737557917.664742 sending message 112 to peer 0x118008000 (11 bytes)
1737557917.664746 sending message 112 to peer 0x118008000 (21 bytes)
1737557917.664750 sending message 112 to peer 0x118008000 (13 bytes)
1737557917.664754 sending message 112 to peer 0x118008000 (7 bytes)
1737557917.664758 sending message 112 to peer 0x118008000 (13 bytes)
1737557917.664763 sending message 112 to peer 0x118008000 (7 bytes)
1737557917.664767 sending message 112 to peer 0x118008000 (13 bytes)
1737557917.664771 sending message 112 to peer 0x118008000 (9 bytes)
1737557917.664775 sending message 112 to peer 0x118008000 (21 bytes)
1737557917.664780 sending message 112 to peer 0x118008000 (13 bytes)
1737557917.664784 sending message 112 to peer 0x118008000 (9 bytes)
1737557917.664788 sending message 112 to peer 0x118008000 (16 bytes)
1737557917.664792 sending message 112 to peer 0x118008000 (13 bytes)
1737557917.664796 sending message 112 to peer 0x118008000 (9 bytes)
1737557917.664801 sending message 112 to peer 0x118008000 (9 bytes)
1737557917.664805 sending message 112 to peer 0x118008000 (12 bytes)
1737557917.664809 sending message 112 to peer 0x118008000 (8 bytes)
1737557917.664813 sending message 112 to peer 0x118008000 (12 bytes)
1737557917.664817 sending message 112 to peer 0x118008000 (8 bytes)
1737557917.664821 sending message 112 to peer 0x118008000 (13 bytes)
1737557917.664825 sending message 112 to peer 0x118008000 (7 bytes)
1737557917.664830 sending message 112 to peer 0x118008000 (7 bytes)
1737557917.664834 sending message 112 to peer 0x118008000 (9 bytes)
1737557917.664838 sending message 112 to peer 0x118008000 (12 bytes)
1737557917.664842 sending message 112 to peer 0x118008000 (6 bytes)
1737557917.664846 sending message 112 to peer 0x118008000 (9 bytes)
1737557917.664851 sending message 112 to peer 0x118008000 (15 bytes)
1737557917.664855 sending message 112 to peer 0x118008000 (13 bytes)
1737557917.664859 sending message 112 to peer 0x118008000 (9 bytes)
1737557917.664863 sending message 112 to peer 0x118008000 (12 bytes)
1737557917.664867 sending message 112 to peer 0x118008000 (8 bytes)
1737557917.664871 sending message 112 to peer 0x118008000 (14 bytes)
1737557917.664876 sending message 112 to peer 0x118008000 (11 bytes)
1737557917.664880 sending message 112 to peer 0x118008000 (9 bytes)
1737557917.664892 sending message 112 to peer 0x118008000 (10 bytes)
1737557917.664896 sending message 112 to peer 0x118008000 (10 bytes)
1737557917.664899 sending message 112 to peer 0x118008000 (10 bytes)
1737557917.664901 sending message 112 to peer 0x118008000 (10 bytes)
1737557917.664904 sending message 112 to peer 0x118008000 (11 bytes)
1737557917.664907 sending message 112 to peer 0x118008000 (12 bytes)
1737557917.664910 sending message 112 to peer 0x118008000 (12 bytes)
1737557917.664913 sending message 112 to peer 0x118008000 (12 bytes)
1737557917.664916 sending message 112 to peer 0x118008000 (12 bytes)
1737557917.664919 sending message 112 to peer 0x118008000 (12 bytes)
1737557917.664922 sending message 112 to peer 0x118008000 (11 bytes)
1737557917.664925 sending message 112 to peer 0x118008000 (11 bytes)
1737557917.664928 sending message 112 to peer 0x118008000 (12 bytes)
1737557917.664931 sending message 112 to peer 0x118008000 (12 bytes)
1737557917.664934 sending message 112 to peer 0x118008000 (12 bytes)
1737557917.664937 sending message 112 to peer 0x118008000 (12 bytes)
1737557917.664940 sending message 112 to peer 0x118008000 (12 bytes)
1737557917.664943 sending message 112 to peer 0x118008000 (9 bytes)
1737557917.664946 sending message 112 to peer 0x118008000 (12 bytes)
1737557917.664949 sending message 112 to peer 0x118008000 (13 bytes)
1737557917.664952 sending message 112 to peer 0x118008000 (13 bytes)
1737557917.664954 sending message 112 to peer 0x118008000 (13 bytes)
1737557917.664957 sending message 112 to peer 0x118008000 (13 bytes)
1737557917.664960 sending message 112 to peer 0x118008000 (13 bytes)
1737557917.664963 sending message 112 to peer 0x118008000 (8 bytes)
1737557917.664966 sending message 112 to peer 0x118008000 (11 bytes)
1737557917.664969 sending message 112 to peer 0x118008000 (11 bytes)
1737557917.664972 sending message 112 to peer 0x118008000 (11 bytes)
1737557917.664975 sending message 112 to peer 0x118008000 (12 bytes)
1737557917.664978 sending message 112 to peer 0x118008000 (12 bytes)
1737557917.664981 sending message 112 to peer 0x118008000 (12 bytes)
1737557917.664984 sending message 112 to peer 0x118008000 (12 bytes)
1737557917.664987 sending message 112 to peer 0x118008000 (13 bytes)
1737557917.664989 sending message 112 to peer 0x118008000 (13 bytes)
1737557917.664992 sending message 112 to peer 0x118008000 (13 bytes)
1737557917.664995 sending message 112 to peer 0x118008000 (8 bytes)
1737557917.664998 sending message 112 to peer 0x118008000 (13 bytes)
1737557917.665001 sending message 112 to peer 0x118008000 (13 bytes)
1737557917.665004 sending message 112 to peer 0x118008000 (13 bytes)
1737557917.665007 sending message 112 to peer 0x118008000 (13 bytes)
1737557917.665010 sending message 112 to peer 0x118008000 (13 bytes)
1737557917.665012 sending message 112 to peer 0x118008000 (12 bytes)
1737557917.665015 sending message 112 to peer 0x118008000 (12 bytes)
1737557917.665018 sending message 112 to peer 0x118008000 (12 bytes)
1737557917.665021 sending message 112 to peer 0x118008000 (12 bytes)
1737557917.665024 sending message 112 to peer 0x118008000 (13 bytes)
1737557917.665027 sending message 112 to peer 0x118008000 (8 bytes)
1737557917.665030 sending message 112 to peer 0x118008000 (13 bytes)
1737557917.665033 sending message 112 to peer 0x118008000 (13 bytes)
1737557917.665036 sending message 112 to peer 0x118008000 (13 bytes)
1737557917.665038 sending message 112 to peer 0x118008000 (13 bytes)
1737557917.665041 sending message 112 to peer 0x118008000 (13 bytes)
1737557917.665044 sending message 112 to peer 0x118008000 (13 bytes)
1737557917.665047 sending message 112 to peer 0x118008000 (13 bytes)
1737557917.665050 sending message 112 to peer 0x118008000 (12 bytes)
1737557917.665053 sending message 112 to peer 0x118008000 (12 bytes)
1737557917.665056 sending message 112 to peer 0x118008000 (12 bytes)
1737557917.665059 sending message 112 to peer 0x118008000 (8 bytes)
1737557917.665062 sending message 112 to peer 0x118008000 (12 bytes)
1737557917.665065 sending message 112 to peer 0x118008000 (13 bytes)
1737557917.665074 sending message 112 to peer 0x118008000 (13 bytes)
1737557917.665077 sending message 112 to peer 0x118008000 (13 bytes)
1737557917.665080 sending message 112 to peer 0x118008000 (13 bytes)
1737557917.665083 sending message 112 to peer 0x118008000 (13 bytes)
1737557917.665086 sending message 112 to peer 0x118008000 (13 bytes)
1737557917.665088 sending message 112 to peer 0x118008000 (13 bytes)
1737557917.665091 sending message 112 to peer 0x118008000 (13 bytes)
1737557917.665094 sending message 112 to peer 0x118008000 (12 bytes)
1737557917.665097 sending message 112 to peer 0x118008000 (10 bytes)
1737557917.665100 sending message 112 to peer 0x118008000 (12 bytes)
1737557917.665103 sending message 112 to peer 0x118008000 (12 bytes)
1737557917.665106 sending message 112 to peer 0x118008000 (12 bytes)
1737557917.665109 sending message 112 to peer 0x118008000 (13 bytes)
1737557917.665112 sending message 112 to peer 0x118008000 (13 bytes)
1737557917.665115 sending message 112 to peer 0x118008000 (13 bytes)
1737557917.665117 sending message 112 to peer 0x118008000 (13 bytes)
1737557917.665120 sending message 112 to peer 0x118008000 (13 bytes)
1737557917.665123 sending message 112 to peer 0x118008000 (13 bytes)
1737557917.665126 sending message 112 to peer 0x118008000 (13 bytes)
1737557917.665129 sending message 112 to peer 0x118008000 (10 bytes)
1737557917.665132 sending message 112 to peer 0x118008000 (13 bytes)
1737557917.665135 sending message 112 to peer 0x118008000 (12 bytes)
1737557917.665138 sending message 112 to peer 0x118008000 (12 bytes)
1737557917.665141 sending message 112 to peer 0x118008000 (12 bytes)
1737557917.665144 sending message 112 to peer 0x118008000 (10 bytes)
1737557917.665147 sending message 112 to peer 0x118008000 (10 bytes)
1737557917.665150 sending message 112 to peer 0x118008000 (10 bytes)
1737557917.665153 sending message 112 to peer 0x118008000 (12 bytes)
1737557917.665156 sending message 112 to peer 0x118008000 (13 bytes)
1737557917.665158 sending message 112 to peer 0x118008000 (13 bytes)
1737557917.665161 sending message 112 to peer 0x118008000 (13 bytes)
1737557917.665164 sending message 112 to peer 0x118008000 (13 bytes)
1737557917.665167 sending message 112 to peer 0x118008000 (13 bytes)
1737557917.665170 sending message 112 to peer 0x118008000 (10 bytes)
1737557917.665173 sending message 112 to peer 0x118008000 (11 bytes)
1737557917.665177 sending message 112 to peer 0x118008000 (12 bytes)
1737557917.665181 sending message 112 to peer 0x118008000 (12 bytes)
1737557917.665184 sending message 112 to peer 0x118008000 (12 bytes)
1737557917.665187 sending message 112 to peer 0x118008000 (12 bytes)
1737557917.665190 sending message 112 to peer 0x118008000 (12 bytes)
1737557917.665193 sending message 112 to peer 0x118008000 (11 bytes)
1737557917.665196 sending message 112 to peer 0x118008000 (12 bytes)
1737557917.665199 sending message 112 to peer 0x118008000 (12 bytes)
1737557917.665202 sending message 112 to peer 0x118008000 (13 bytes)
1737557917.665205 sending message 112 to peer 0x118008000 (13 bytes)
1737557917.665208 sending message 112 to peer 0x118008000 (13 bytes)
1737557917.665211 sending message 112 to peer 0x118008000 (13 bytes)
1737557917.665214 sending message 112 to peer 0x118008000 (13 bytes)
1737557917.665217 sending message 112 to peer 0x118008000 (10 bytes)
1737557917.665220 sending message 112 to peer 0x118008000 (9 bytes)
1737557917.665223 sending message 112 to peer 0x118008000 (12 bytes)
1737557917.665226 sending message 112 to peer 0x118008000 (13 bytes)
1737557917.665228 sending message 112 to peer 0x118008000 (13 bytes)
1737557917.665231 sending message 112 to peer 0x118008000 (13 bytes)
1737557917.665234 sending message 112 to peer 0x118008000 (13 bytes)
1737557917.665237 sending message 112 to peer 0x118008000 (13 bytes)
1737557917.665240 sending message 112 to peer 0x118008000 (9 bytes)
1737557917.665243 sending message 112 to peer 0x118008000 (12 bytes)
1737557917.665246 sending message 112 to peer 0x118008000 (13 bytes)
1737557917.665254 sending message 112 to peer 0x118008000 (13 bytes)
1737557917.665257 sending message 112 to peer 0x118008000 (13 bytes)
1737557917.665260 sending message 112 to peer 0x118008000 (13 bytes)
1737557917.665263 sending message 112 to peer 0x118008000 (13 bytes)
1737557917.665266 sending message 112 to peer 0x118008000 (11 bytes)
1737557917.665269 sending message 112 to peer 0x118008000 (12 bytes)
1737557917.665272 sending message 112 to peer 0x118008000 (13 bytes)
1737557917.665274 sending message 112 to peer 0x118008000 (13 bytes)
1737557917.665277 sending message 112 to peer 0x118008000 (13 bytes)
1737557917.665280 sending message 112 to peer 0x118008000 (13 bytes)
1737557917.665283 sending message 112 to peer 0x118008000 (13 bytes)
1737557917.665286 sending message 112 to peer 0x118008000 (11 bytes)
1737557917.665289 sending message 112 to peer 0x118008000 (12 bytes)
1737557917.665292 sending message 112 to peer 0x118008000 (12 bytes)
1737557917.665295 sending message 112 to peer 0x118008000 (12 bytes)
1737557917.665298 sending message 112 to peer 0x118008000 (12 bytes)
1737557917.665300 sending message 112 to peer 0x118008000 (12 bytes)
1737557917.665303 sending message 112 to peer 0x118008000 (21 bytes)
1737557917.665306 sending message 112 to peer 0x118008000 (12 bytes)
1737557917.665309 sending message 112 to peer 0x118008000 (9 bytes)
1737557917.665312 sending message 112 to peer 0x118008000 (6 bytes)
1737557917.665315 sending message 112 to peer 0x118008000 (13 bytes)
1737557917.665318 sending message 112 to peer 0x118008000 (10 bytes)
1737557917.665321 sending message 112 to peer 0x118008000 (15 bytes)
1737557917.665324 sending message 112 to peer 0x118008000 (13 bytes)
1737557917.665327 sending message 112 to peer 0x118008000 (9 bytes)
1737557917.665330 sending message 112 to peer 0x118008000 (70 bytes)
1737557917.665333 sending message 112 to peer 0x118008000 (69 bytes)
1737557917.665336 sending message 112 to peer 0x118008000 (34 bytes)
1737557917.665339 sending message 112 to peer 0x118008000 (34 bytes)
1737557917.665341 sending message 112 to peer 0x118008000 (70 bytes)
1737557917.665344 sending message 112 to peer 0x118008000 (12 bytes)
1737557917.665347 sending message 112 to peer 0x118008000 (10 bytes)
1737557917.665350 sending message 112 to peer 0x118008000 (10 bytes)
1737557917.665353 sending message 112 to peer 0x118008000 (15 bytes)
1737557917.665356 sending message 112 to peer 0x118008000 (13 bytes)
1737557917.665359 sending message 112 to peer 0x118008000 (10 bytes)
1737557917.665362 sending message 112 to peer 0x118008000 (10 bytes)
1737557917.665365 sending message 112 to peer 0x118008000 (17 bytes)
1737557917.665368 sending message 112 to peer 0x118008000 (10 bytes)
1737557917.665371 sending message 112 to peer 0x118008000 (13 bytes)
1737557917.665374 sending message 112 to peer 0x118008000 (32 bytes)
1737557917.665376 sending message 112 to peer 0x118008000 (5 bytes)
1737557917.665379 sending message 112 to peer 0x118008000 (9 bytes)
1737557917.665382 sending message 112 to peer 0x118008000 (15 bytes)
1737557917.665385 sending message 112 to peer 0x118008000 (5 bytes)
1737557917.665391 sending message 104 to peer 0x118008000 (0 bytes)
1737557917.665395 sending message 110 to peer 0x118008000 (0 bytes)
1737557917.665398 sending message 107 to peer 0x118008000 (4 bytes)
1737557917.665401 sending message 105 to peer 0x118008000 (157 bytes)
1737557917.665404 sending message 105 to peer 0x118008000 (75 bytes)
1737557917.665407 sending message 105 to peer 0x118008000 (21 bytes)
1737557917.665410 sending message 105 to peer 0x118008000 (15 bytes)
1737557917.665413 sending message 105 to peer 0x118008000 (19 bytes)
1737557917.665416 sending message 105 to peer 0x118008000 (57 bytes)
1737557917.665419 sending message 105 to peer 0x118008000 (27 bytes)
1737557917.665422 sending message 105 to peer 0x118008000 (12 bytes)
1737557917.665425 sending message 105 to peer 0x118008000 (22 bytes)
1737557917.665428 sending message 105 to peer 0x118008000 (66 bytes)
1737557917.665437 sending message 105 to peer 0x118008000 (32 bytes)
1737557917.665440 sending message 105 to peer 0x118008000 (735 bytes)
1737557917.665444 sending message 105 to peer 0x118008000 (43 bytes)
1737557917.665447 sending message 105 to peer 0x118008000 (34 bytes)
1737557917.665450 sending message 105 to peer 0x118008000 (17 bytes)
1737557917.665453 sending message 105 to peer 0x118008000 (14 bytes)
1737557917.665456 sending message 105 to peer 0x118008000 (19 bytes)
1737557917.665459 sending message 105 to peer 0x118008000 (8 bytes)
1737557917.665462 sending message 105 to peer 0x118008000 (19 bytes)
1737557917.665465 sending message 105 to peer 0x118008000 (63 bytes)
1737557917.665468 sending message 105 to peer 0x118008000 (36 bytes)
1737557917.665471 sending message 105 to peer 0x118008000 (15 bytes)
1737557917.665474 sending message 105 to peer 0x118008000 (167 bytes)
1737557917.665477 sending message 105 to peer 0x118008000 (57 bytes)
1737557917.665480 sending message 105 to peer 0x118008000 (20 bytes)
1737557917.665482 sending message 105 to peer 0x118008000 (21 bytes)
1737557917.665485 sending message 105 to peer 0x118008000 (30 bytes)
1737557917.665488 sending message 105 to peer 0x118008000 (37 bytes)
1737557917.665491 sending message 105 to peer 0x118008000 (34 bytes)
1737557917.665496 sending message 105 to peer 0x118008000 (60 bytes)
1737557917.665500 sending message 105 to peer 0x118008000 (70 bytes)
1737557917.665503 sending message 105 to peer 0x118008000 (76 bytes)
1737557917.665505 sending message 105 to peer 0x118008000 (10 bytes)
1737557917.665508 sending message 105 to peer 0x118008000 (26 bytes)
1737557917.665511 sending message 105 to peer 0x118008000 (38 bytes)
1737557917.665514 sending message 105 to peer 0x118008000 (51 bytes)
1737557917.665517 sending message 105 to peer 0x118008000 (43 bytes)
1737557917.665520 sending message 105 to peer 0x118008000 (174 bytes)
1737557917.665523 sending message 105 to peer 0x118008000 (14 bytes)
1737557917.665526 sending message 105 to peer 0x118008000 (32 bytes)
1737557917.665529 sending message 105 to peer 0x118008000 (19 bytes)
1737557917.665532 sending message 105 to peer 0x118008000 (27 bytes)
1737557917.665535 sending message 105 to peer 0x118008000 (16 bytes)
1737557917.665538 sending message 105 to peer 0x118008000 (53 bytes)
1737557917.665541 sending message 105 to peer 0x118008000 (62 bytes)
1737557917.665544 sending message 105 to peer 0x118008000 (12 bytes)
1737557917.665547 sending message 105 to peer 0x118008000 (22 bytes)
1737557917.665550 sending message 105 to peer 0x118008000 (25 bytes)
1737557917.665553 sending message 106 to peer 0x118008000 (0 bytes)
1737557917.665606 sending message 200 to peer 0x118008000 (4 bytes)
1737557917.665611 client loop enter
1737557917.676009 peer 0x118008000 message 207
1737557917.676026 sending message 208 to peer 0x118008000 (0 bytes)
1737557933.988480 peer 0x118008000 message 203
1737557933.988580 sending message 205 to peer 0x118008000 (0 bytes)
1737557933.989087 peer 0x118008000 message 204
1737557933.989146 client loop exit
